08:37:26 **** Build of configuration Debug for project Lab2.4 ****
make -j16 all 
arm-none-eabi-gcc "../Src/main.c" -mcpu=cortex-m4 -std=gnu11 -g3 -DDEBUG -DNUCLEO_F401RE -DSTM32 -DSTM32F401RETx -DSTM32F4 -c -I../Inc -O0 -ffunction-sections -fdata-sections -Wall -fstack-usage -fcyclomatic-complexity -MMD -MP -MF"Src/main.d" -MT"Src/main.o" --specs=nano.specs -mfpu=fpv4-sp-d16 -mfloat-abi=hard -mthumb -o "Src/main.o"
arm-none-eabi-gcc -o "Lab2.4.elf" @"objects.list"   -mcpu=cortex-m4 -T"C:\Users\viett\STM32CubeIDE\workspace_1.13.1\Lab2.4\STM32F401RETX_FLASH.ld" --specs=nosys.specs -Wl,-Map="Lab2.4.map" -Wl,--gc-sections -static --specs=nano.specs -mfpu=fpv4-sp-d16 -mfloat-abi=hard -mthumb -Wl,--start-group -lc -lm -Wl,--end-group
Finished building target: Lab2.4.elf
 
arm-none-eabi-size   Lab2.4.elf 
arm-none-eabi-objdump -h -S  Lab2.4.elf  > "Lab2.4.list"
   text	   data	    bss	    dec	    hex	filename
   4880	    100	   1908	   6888	   1ae8	Lab2.4.elf
Finished building: default.size.stdout
 
Finished building: Lab2.4.list
 

08:37:26 Build Finished. 0 errors, 0 warnings. (took 399ms)

